
ROCEYS@ROCEYS-2030 MINGW64 /f/dev/gitblog/roceys.github.io (master)
$ bundle install
Fetching gem metadata from https://rubygems.org/............
Fetching gem metadata from https://rubygems.org/..
Resolving dependencies............................................
Fetching concurrent-ruby 1.1.5
Installing concurrent-ruby 1.1.5
Fetching i18n 0.9.5
Installing i18n 0.9.5
Fetching minitest 5.11.3
Installing minitest 5.11.3
Fetching thread_safe 0.3.6
Installing thread_safe 0.3.6
Fetching tzinfo 1.2.5
Installing tzinfo 1.2.5
Fetching activesupport 4.2.11.1
Installing activesupport 4.2.11.1
Fetching public_suffix 3.1.1 (was 3.0.0)
Installing public_suffix 3.1.1 (was 3.0.0)
Fetching addressable 2.6.0 (was 2.5.2)
Installing addressable 2.6.0 (was 2.5.2)
Using bundler 1.17.3
Fetching coffee-script-source 1.11.1
Installing coffee-script-source 1.11.1
Fetching execjs 2.7.0
Installing execjs 2.7.0
Fetching coffee-script 2.4.1
Installing coffee-script 2.4.1
Using colorator 1.1.0
Fetching ruby-enum 0.7.2
Installing ruby-enum 0.7.2
Fetching commonmarker 0.17.13
Installing commonmarker 0.17.13 with native extensions
Fetching dnsruby 1.61.3
Installing dnsruby 1.61.3
Using eventmachine 1.2.7 (x64-mingw32)
Using http_parser.rb 0.6.0
Using em-websocket 0.5.1
Using ffi 1.11.1 (x64-mingw32) (was 1.9.24)
Fetching ethon 0.12.0
Installing ethon 0.12.0
Fetching multipart-post 2.1.1
Installing multipart-post 2.1.1
Fetching faraday 0.15.4
Installing faraday 0.15.4
Using forwardable-extended 2.6.0
Fetching gemoji 3.0.1
Installing gemoji 3.0.1
Fetching sawyer 0.8.2
Installing sawyer 0.8.2
Fetching octokit 4.14.0
Installing octokit 4.14.0
Fetching typhoeus 1.3.1
Installing typhoeus 1.3.1
Fetching github-pages-health-check 1.16.1
Installing github-pages-health-check 1.16.1
Using rb-fsevent 0.10.3 (was 0.10.2)
Using rb-inotify 0.10.0 (was 0.9.10)
Using sass-listen 4.0.0
Fetching sass 3.7.4 (was 3.5.1)
Installing sass 3.7.4 (was 3.5.1)
Fetching jekyll-sass-converter 1.5.2 (was 1.5.0)
Installing jekyll-sass-converter 1.5.2 (was 1.5.0)
Using ruby_dep 1.5.0
Using listen 3.1.5 (was 3.0.8)
Using jekyll-watch 2.2.1 (was 1.5.0)
Fetching kramdown 1.17.0 (was 1.14.0)
Installing kramdown 1.17.0 (was 1.14.0)
Using liquid 4.0.0
Using mercenary 0.3.6
Using pathutil 0.16.2 (was 0.14.0)
Fetching rouge 2.2.1 (was 1.11.1)
Installing rouge 2.2.1 (was 1.11.1)
Using safe_yaml 1.0.5 (was 1.0.4)
Fetching jekyll 3.8.5 (was 3.6.3)
Installing jekyll 3.8.5 (was 3.6.3)
Fetching jekyll-avatar 0.6.0
Installing jekyll-avatar 0.6.0
Fetching jekyll-coffeescript 1.1.1
Installing jekyll-coffeescript 1.1.1
Fetching jekyll-commonmark 1.3.1
Installing jekyll-commonmark 1.3.1
Fetching jekyll-commonmark-ghpages 0.1.5
Installing jekyll-commonmark-ghpages 0.1.5
Fetching jekyll-default-layout 0.1.4
Installing jekyll-default-layout 0.1.4
Fetching jekyll-feed 0.11.0
Installing jekyll-feed 0.11.0
Fetching jekyll-gist 1.5.0

Retrying download gem from https://rubygems.org/ due to error (2/4): Gem::RemoteFetcher::UnknownHostError timed out (https://rubygems.org/gems/jekyll-gist-1.5.0.gem)Installing jekyll-gist 1.5.0
Fetching jekyll-github-metadata 2.12.1
Installing jekyll-github-metadata 2.12.1
Fetching mini_portile2 2.4.0
Installing mini_portile2 2.4.0
Fetching nokogiri 1.10.4 (x64-mingw32)
Installing nokogiri 1.10.4 (x64-mingw32)
Fetching html-pipeline 2.12.0
Installing html-pipeline 2.12.0
Fetching jekyll-mentions 1.4.1
Installing jekyll-mentions 1.4.1
Fetching jekyll-optional-front-matter 0.3.0
Installing jekyll-optional-front-matter 0.3.0
Fetching jekyll-paginate 1.1.0
Installing jekyll-paginate 1.1.0
Fetching jekyll-readme-index 0.2.0
Installing jekyll-readme-index 0.2.0
Fetching jekyll-redirect-from 0.14.0
Installing jekyll-redirect-from 0.14.0
Fetching jekyll-relative-links 0.6.0
Installing jekyll-relative-links 0.6.0
Fetching rubyzip 1.2.3
Installing rubyzip 1.2.3
Fetching jekyll-remote-theme 0.3.1
Installing jekyll-remote-theme 0.3.1
Fetching jekyll-seo-tag 2.5.0 (was 2.3.0)
Installing jekyll-seo-tag 2.5.0 (was 2.3.0)
Fetching jekyll-sitemap 1.2.0
Installing jekyll-sitemap 1.2.0
Fetching jekyll-swiss 0.4.0
Installing jekyll-swiss 0.4.0
Fetching jekyll-theme-architect 0.1.1
Installing jekyll-theme-architect 0.1.1
Fetching jekyll-theme-cayman 0.1.1
Installing jekyll-theme-cayman 0.1.1
Fetching jekyll-theme-dinky 0.1.1
Installing jekyll-theme-dinky 0.1.1
Fetching jekyll-theme-hacker 0.1.1 (was 0.1.0)
Installing jekyll-theme-hacker 0.1.1 (was 0.1.0)
Fetching jekyll-theme-leap-day 0.1.1
Installing jekyll-theme-leap-day 0.1.1
Fetching jekyll-theme-merlot 0.1.1
Installing jekyll-theme-merlot 0.1.1
Fetching jekyll-theme-midnight 0.1.1
Installing jekyll-theme-midnight 0.1.1
Fetching jekyll-theme-minimal 0.1.1
Installing jekyll-theme-minimal 0.1.1
Fetching jekyll-theme-modernist 0.1.1
Installing jekyll-theme-modernist 0.1.1
Fetching jekyll-theme-primer 0.5.3
Installing jekyll-theme-primer 0.5.3
Fetching jekyll-theme-slate 0.1.1
Installing jekyll-theme-slate 0.1.1
Fetching jekyll-theme-tactile 0.1.1
Installing jekyll-theme-tactile 0.1.1
Fetching jekyll-theme-time-machine 0.1.1
Installing jekyll-theme-time-machine 0.1.1
Fetching jekyll-titles-from-headings 0.5.1
Installing jekyll-titles-from-headings 0.5.1
Fetching jemoji 0.10.2
Installing jemoji 0.10.2
Fetching minima 2.5.0
Installing minima 2.5.0
Using unicode-display_width 1.6.0
Using terminal-table 1.8.0
Fetching github-pages 198
Installing github-pages 198
Bundle complete! 1 Gemfile dependency, 85 gems now installed.
Use `bundle info [gemname]` to see where a bundled gem is installed.
Post-install message from dnsruby:
Installing dnsruby...
  For issues and source code: https://github.com/alexdalitz/dnsruby
  For general discussion (please tell us how you use dnsruby): https://groups.google.com/forum/#!forum/dnsruby
Post-install message from sass:

Ruby Sass has reached end-of-life and should no longer be used.

* If you use Sass as a command-line tool, we recommend using Dart Sass, the new
  primary implementation: https://sass-lang.com/install

* If you use Sass as a plug-in for a Ruby web framework, we recommend using the
  sassc gem: https://github.com/sass/sassc-ruby#readme

* For more details, please refer to the Sass blog:
  https://sass-lang.com/blog/posts/7828841

Post-install message from nokogiri:
Nokogiri is built with the packaged libraries: libxml2-2.9.9, libxslt-1.1.33, zlib-1.2.11, libiconv-1.15.
Post-install message from html-pipeline:
-------------------------------------------------
Thank you for installing html-pipeline!
You must bundle Filter gem dependencies.
See html-pipeline README.md for more details.
https://github.com/jch/html-pipeline#dependencies
-------------------------------------------------

ROCEYS@ROCEYS-2030 MINGW64 /f/dev/gitblog/roceys.github.io (master)
$ jekyll s
C:/Ruby25-x64/lib/ruby/site_ruby/2.5.0/bundler/runtime.rb:319:in `check_for_activated_spec!': You have already activated i18n 1.6.0, but your Gemfile requires i18n 0.9.5. Prepending `bundle exec` to your command may solve this. (Gem::LoadError)
        from C:/Ruby25-x64/lib/ruby/site_ruby/2.5.0/bundler/runtime.rb:31:in `block in setup'
        from C:/Ruby25-x64/lib/ruby/2.5.0/forwardable.rb:229:in `each'
        from C:/Ruby25-x64/lib/ruby/2.5.0/forwardable.rb:229:in `each'
        from C:/Ruby25-x64/lib/ruby/site_ruby/2.5.0/bundler/runtime.rb:26:in `map'
        from C:/Ruby25-x64/lib/ruby/site_ruby/2.5.0/bundler/runtime.rb:26:in `setup'
        from C:/Ruby25-x64/lib/ruby/site_ruby/2.5.0/bundler.rb:107:in `setup'
        from C:/Ruby25-x64/lib/ruby/gems/2.5.0/gems/jekyll-4.0.0/lib/jekyll/plugin_manager.rb:52:in `require_from_bundler'
        from C:/Ruby25-x64/lib/ruby/gems/2.5.0/gems/jekyll-4.0.0/exe/jekyll:11:in `<top (required)>'
        from C:/Ruby25-x64/bin/jekyll:23:in `load'
        from C:/Ruby25-x64/bin/jekyll:23:in `<main>'

ROCEYS@ROCEYS-2030 MINGW64 /f/dev/gitblog/roceys.github.io (master)
$ bundle exec jekyll serve
Configuration file: F:/dev/gitblog/roceys.github.io/_config.yml
jekyll 3.8.5 | Error:  No source of timezone data could be found.
Please refer to http://tzinfo.github.io/datasourcenotfound for help resolving this error.

ROCEYS@ROCEYS-2030 MINGW64 /f/dev/gitblog/roceys.github.io (master)
$

ROCEYS@ROCEYS-2030 MINGW64 /f/dev/gitblog/roceys.github.io (master)
$ gem install tzinfo-data
Successfully installed tzinfo-data-1.2019.2
Parsing documentation for tzinfo-data-1.2019.2
Installing ri documentation for tzinfo-data-1.2019.2
Done installing documentation for tzinfo-data after 0 seconds
1 gem installed

ROCEYS@ROCEYS-2030 MINGW64 /f/dev/gitblog/roceys.github.io (master)
$ bundle exec jekyll serve
Configuration file: F:/dev/gitblog/roceys.github.io/_config.yml
jekyll 3.8.5 | Error:  No source of timezone data could be found.
Please refer to http://tzinfo.github.io/datasourcenotfound for help resolving this error.

ROCEYS@ROCEYS-2030 MINGW64 /f/dev/gitblog/roceys.github.io (master)
$ bundle exec jekyll serve
Configuration file: F:/dev/gitblog/roceys.github.io/_config.yml
Invalid theme folder: _includes
Invalid theme folder: _includes
            Source: F:/dev/gitblog/roceys.github.io
       Destination: F:/dev/gitblog/roceys.github.io/_site
 Incremental build: disabled. Enable with --incremental
      Generating...
                    done in 0.762 seconds.
  Please add the following to your Gemfile to avoid polling for changes:
    gem 'wdm', '>= 0.1.0' if Gem.win_platform?
 Auto-regeneration: enabled for 'F:/dev/gitblog/roceys.github.io'
    Server address: http://127.0.0.1:4000
  Server running... press ctrl-c to stop.
[2019-08-31 00:34:15] ERROR `/travle' not found.
[2019-08-31 00:34:16] ERROR `/favicon.ico' not found.

▒▒ֹ▒▒▒▒▒▒▒▒▒▒▒(Y/N)?
▒▒ֹ▒▒▒▒▒▒▒▒▒▒▒(Y/N)? y
y

ROCEYS@ROCEYS-2030 MINGW64 /f/dev/gitblog/roceys.github.io (master)
$ bundle exec jekyll serve
C:/Ruby25-x64/lib/ruby/site_ruby/2.5.0/bundler/resolver.rb:287:in `block in verify_gemfile_dependencies_are_found!': Could not find gem 'wdm (>= 0.1.0) x64-mingw32' in any of the gem sources listed in your Gemfile. (Bundler::GemNotFound)
        from C:/Ruby25-x64/lib/ruby/site_ruby/2.5.0/bundler/resolver.rb:255:in `each'
        from C:/Ruby25-x64/lib/ruby/site_ruby/2.5.0/bundler/resolver.rb:255:in `verify_gemfile_dependencies_are_found!'
        from C:/Ruby25-x64/lib/ruby/site_ruby/2.5.0/bundler/resolver.rb:49:in `start'
        from C:/Ruby25-x64/lib/ruby/site_ruby/2.5.0/bundler/resolver.rb:22:in `resolve'
        from C:/Ruby25-x64/lib/ruby/site_ruby/2.5.0/bundler/definition.rb:258:in `resolve'
        from C:/Ruby25-x64/lib/ruby/site_ruby/2.5.0/bundler/definition.rb:170:in `specs'
        from C:/Ruby25-x64/lib/ruby/site_ruby/2.5.0/bundler/definition.rb:237:in `specs_for'
        from C:/Ruby25-x64/lib/ruby/site_ruby/2.5.0/bundler/definition.rb:226:in `requested_specs'
        from C:/Ruby25-x64/lib/ruby/site_ruby/2.5.0/bundler/runtime.rb:108:in `block in definition_method'
        from C:/Ruby25-x64/lib/ruby/site_ruby/2.5.0/bundler/runtime.rb:20:in `setup'
        from C:/Ruby25-x64/lib/ruby/site_ruby/2.5.0/bundler.rb:107:in `setup'
        from C:/Ruby25-x64/lib/ruby/site_ruby/2.5.0/bundler/setup.rb:20:in `<top (required)>'
        from C:/Ruby25-x64/lib/ruby/site_ruby/2.5.0/rubygems/core_ext/kernel_require.rb:54:in `require'
        from C:/Ruby25-x64/lib/ruby/site_ruby/2.5.0/rubygems/core_ext/kernel_require.rb:54:in `require'

ROCEYS@ROCEYS-2030 MINGW64 /f/dev/gitblog/roceys.github.io (master)
$ gem install wdm
Temporarily enhancing PATH for MSYS/MINGW...
Building native extensions. This could take a while...
Successfully installed wdm-0.1.1
Parsing documentation for wdm-0.1.1
Installing ri documentation for wdm-0.1.1
Done installing documentation for wdm after 0 seconds
1 gem installed

ROCEYS@ROCEYS-2030 MINGW64 /f/dev/gitblog/roceys.github.io (master)
$ bundle exec jekyll serve
Configuration file: F:/dev/gitblog/roceys.github.io/_config.yml
Invalid theme folder: _includes
Invalid theme folder: _includes
            Source: F:/dev/gitblog/roceys.github.io
       Destination: F:/dev/gitblog/roceys.github.io/_site
 Incremental build: disabled. Enable with --incremental
      Generating...
                    done in 0.277 seconds.
 Auto-regeneration: enabled for 'F:/dev/gitblog/roceys.github.io'
    Server address: http://127.0.0.1:4000
  Server running... press ctrl-c to stop.
▒▒ֹ▒▒▒▒▒▒▒▒▒▒▒(Y/N)? y
y

ROCEYS@ROCEYS-2030 MINGW64 /f/dev/gitblog/roceys.github.io (master)
$ bundle exec jekyll serve --incremental
Configuration file: F:/dev/gitblog/roceys.github.io/_config.yml
Invalid theme folder: _includes
Invalid theme folder: _includes
            Source: F:/dev/gitblog/roceys.github.io
       Destination: F:/dev/gitblog/roceys.github.io/_site
 Incremental build: enabled
      Generating...
                    done in 0.244 seconds.
 Auto-regeneration: enabled for 'F:/dev/gitblog/roceys.github.io'
    Server address: http://127.0.0.1:4000
  Server running... press ctrl-c to stop.
▒▒ֹ▒▒▒▒▒▒▒▒▒▒▒(Y/N)? y
y

ROCEYS@ROCEYS-2030 MINGW64 /f/dev/gitblog/roceys.github.io (master)
$ git init
Reinitialized existing Git repository in F:/dev/gitblog/roceys.github.io/.git/

ROCEYS@ROCEYS-2030 MINGW64 /f/dev/gitblog/roceys.github.io (master)
$ git add . Gemfile
warning: LF will be replaced by CRLF in .idea/encodings.xml.
The file will have its original line endings in your working directory
warning: LF will be replaced by CRLF in .idea/modules.xml.
The file will have its original line endings in your working directory
warning: LF will be replaced by CRLF in Gemfile.lock.
The file will have its original line endings in your working directory
warning: LF will be replaced by CRLF in .idea/misc.xml.
The file will have its original line endings in your working directory
warning: LF will be replaced by CRLF in .idea/workspace.xml.
The file will have its original line endings in your working directory
warning: LF will be replaced by CRLF in roceys.github.io.iml.
The file will have its original line endings in your working directory

ROCEYS@ROCEYS-2030 MINGW64 /f/dev/gitblog/roceys.github.io (master)
$ git add . "."

ROCEYS@ROCEYS-2030 MINGW64 /f/dev/gitblog/roceys.github.io (master)
$ git commit -m "update gemfile for win64 MINGW. Ruby25."
[master 0cba559] update gemfile for win64 MINGW. Ruby25.
 9 files changed, 823 insertions(+), 21 deletions(-)
 create mode 100644 .idea/encodings.xml
 create mode 100644 .idea/misc.xml
 create mode 100644 .idea/modules.xml
 create mode 100644 .idea/vcs.xml
 create mode 100644 .idea/workspace.xml
 create mode 100644 .jekyll-metadata
 create mode 100644 roceys.github.io.iml

ROCEYS@ROCEYS-2030 MINGW64 /f/dev/gitblog/roceys.github.io (master)
$ git push -u origin master
fatal: unable to access 'https://github.com/roceys/roceys.github.io.git/': Failed to connect to github.com port 443: Bad access

ROCEYS@ROCEYS-2030 MINGW64 /f/dev/gitblog/roceys.github.io (master)
$ git push -u origin master
fatal: HttpRequestException encountered.
   ▒▒▒▒▒▒▒▒ʱ▒▒▒▒
Enumerating objects: 15, done.
Counting objects: 100% (15/15), done.
Delta compression using up to 8 threads
Compressing objects: 100% (12/12), done.
Writing objects: 100% (12/12), 8.46 KiB | 2.11 MiB/s, done.
Total 12 (delta 1), reused 0 (delta 0)
remote: Resolving deltas: 100% (1/1), completed with 1 local object.
To https://github.com/roceys/roceys.github.io.git
   834b81c..0cba559  master -> master
Branch 'master' set up to track remote branch 'master' from 'origin'.

ROCEYS@ROCEYS-2030 MINGW64 /f/dev/gitblog/roceys.github.io (master)
$
